Archive member included to satisfy reference by file (symbol)

/opt/st/stm32cubeide_1.3.0/plugins/com.st.stm32cube.ide.mcu.externaltools.gnu-tools-for-stm32.7-2018-q2-update.linux64_1.0.0.201904181610/tools/bin/../lib/gcc/arm-none-eabi/7.3.1/../../../../arm-none-eabi/lib/thumb/v7e-m/fpv4-sp/hard/libc_nano.a(lib_a-errno.o)
                              Core/Src/syscalls.o (__errno)
/opt/st/stm32cubeide_1.3.0/plugins/com.st.stm32cube.ide.mcu.externaltools.gnu-tools-for-stm32.7-2018-q2-update.linux64_1.0.0.201904181610/tools/bin/../lib/gcc/arm-none-eabi/7.3.1/../../../../arm-none-eabi/lib/thumb/v7e-m/fpv4-sp/hard/libc_nano.a(lib_a-exit.o)
                              /opt/st/stm32cubeide_1.3.0/plugins/com.st.stm32cube.ide.mcu.externaltools.gnu-tools-for-stm32.7-2018-q2-update.linux64_1.0.0.201904181610/tools/bin/../lib/gcc/arm-none-eabi/7.3.1/../../../../arm-none-eabi/lib/thumb/v7e-m/fpv4-sp/hard/crt0.o (exit)
/opt/st/stm32cubeide_1.3.0/plugins/com.st.stm32cube.ide.mcu.externaltools.gnu-tools-for-stm32.7-2018-q2-update.linux64_1.0.0.201904181610/tools/bin/../lib/gcc/arm-none-eabi/7.3.1/../../../../arm-none-eabi/lib/thumb/v7e-m/fpv4-sp/hard/libc_nano.a(lib_a-impure.o)
                              /opt/st/stm32cubeide_1.3.0/plugins/com.st.stm32cube.ide.mcu.externaltools.gnu-tools-for-stm32.7-2018-q2-update.linux64_1.0.0.201904181610/tools/bin/../lib/gcc/arm-none-eabi/7.3.1/../../../../arm-none-eabi/lib/thumb/v7e-m/fpv4-sp/hard/libc_nano.a(lib_a-exit.o) (_global_impure_ptr)
/opt/st/stm32cubeide_1.3.0/plugins/com.st.stm32cube.ide.mcu.externaltools.gnu-tools-for-stm32.7-2018-q2-update.linux64_1.0.0.201904181610/tools/bin/../lib/gcc/arm-none-eabi/7.3.1/../../../../arm-none-eabi/lib/thumb/v7e-m/fpv4-sp/hard/libc_nano.a(lib_a-init.o)
                              /opt/st/stm32cubeide_1.3.0/plugins/com.st.stm32cube.ide.mcu.externaltools.gnu-tools-for-stm32.7-2018-q2-update.linux64_1.0.0.201904181610/tools/bin/../lib/gcc/arm-none-eabi/7.3.1/../../../../arm-none-eabi/lib/thumb/v7e-m/fpv4-sp/hard/crt0.o (__libc_init_array)
/opt/st/stm32cubeide_1.3.0/plugins/com.st.stm32cube.ide.mcu.externaltools.gnu-tools-for-stm32.7-2018-q2-update.linux64_1.0.0.201904181610/tools/bin/../lib/gcc/arm-none-eabi/7.3.1/../../../../arm-none-eabi/lib/thumb/v7e-m/fpv4-sp/hard/libc_nano.a(lib_a-malloc.o)
                              Middlewares/Third_Party/TTY/Src/tty.o (malloc)
/opt/st/stm32cubeide_1.3.0/plugins/com.st.stm32cube.ide.mcu.externaltools.gnu-tools-for-stm32.7-2018-q2-update.linux64_1.0.0.201904181610/tools/bin/../lib/gcc/arm-none-eabi/7.3.1/../../../../arm-none-eabi/lib/thumb/v7e-m/fpv4-sp/hard/libc_nano.a(lib_a-memset.o)
                              /opt/st/stm32cubeide_1.3.0/plugins/com.st.stm32cube.ide.mcu.externaltools.gnu-tools-for-stm32.7-2018-q2-update.linux64_1.0.0.201904181610/tools/bin/../lib/gcc/arm-none-eabi/7.3.1/../../../../arm-none-eabi/lib/thumb/v7e-m/fpv4-sp/hard/crt0.o (memset)
/opt/st/stm32cubeide_1.3.0/plugins/com.st.stm32cube.ide.mcu.externaltools.gnu-tools-for-stm32.7-2018-q2-update.linux64_1.0.0.201904181610/tools/bin/../lib/gcc/arm-none-eabi/7.3.1/../../../../arm-none-eabi/lib/thumb/v7e-m/fpv4-sp/hard/libc_nano.a(lib_a-nano-freer.o)
                              /opt/st/stm32cubeide_1.3.0/plugins/com.st.stm32cube.ide.mcu.externaltools.gnu-tools-for-stm32.7-2018-q2-update.linux64_1.0.0.201904181610/tools/bin/../lib/gcc/arm-none-eabi/7.3.1/../../../../arm-none-eabi/lib/thumb/v7e-m/fpv4-sp/hard/libc_nano.a(lib_a-malloc.o) (_free_r)
/opt/st/stm32cubeide_1.3.0/plugins/com.st.stm32cube.ide.mcu.externaltools.gnu-tools-for-stm32.7-2018-q2-update.linux64_1.0.0.201904181610/tools/bin/../lib/gcc/arm-none-eabi/7.3.1/../../../../arm-none-eabi/lib/thumb/v7e-m/fpv4-sp/hard/libc_nano.a(lib_a-nano-mallocr.o)
                              /opt/st/stm32cubeide_1.3.0/plugins/com.st.stm32cube.ide.mcu.externaltools.gnu-tools-for-stm32.7-2018-q2-update.linux64_1.0.0.201904181610/tools/bin/../lib/gcc/arm-none-eabi/7.3.1/../../../../arm-none-eabi/lib/thumb/v7e-m/fpv4-sp/hard/libc_nano.a(lib_a-malloc.o) (_malloc_r)
/opt/st/stm32cubeide_1.3.0/plugins/com.st.stm32cube.ide.mcu.externaltools.gnu-tools-for-stm32.7-2018-q2-update.linux64_1.0.0.201904181610/tools/bin/../lib/gcc/arm-none-eabi/7.3.1/../../../../arm-none-eabi/lib/thumb/v7e-m/fpv4-sp/hard/libc_nano.a(lib_a-sbrkr.o)
                              /opt/st/stm32cubeide_1.3.0/plugins/com.st.stm32cube.ide.mcu.externaltools.gnu-tools-for-stm32.7-2018-q2-update.linux64_1.0.0.201904181610/tools/bin/../lib/gcc/arm-none-eabi/7.3.1/../../../../arm-none-eabi/lib/thumb/v7e-m/fpv4-sp/hard/libc_nano.a(lib_a-nano-mallocr.o) (_sbrk_r)
/opt/st/stm32cubeide_1.3.0/plugins/com.st.stm32cube.ide.mcu.externaltools.gnu-tools-for-stm32.7-2018-q2-update.linux64_1.0.0.201904181610/tools/bin/../lib/gcc/arm-none-eabi/7.3.1/../../../../arm-none-eabi/lib/thumb/v7e-m/fpv4-sp/hard/libc_nano.a(lib_a-strcmp.o)
                              Middlewares/Third_Party/TTY/Src/tty.o (strcmp)
[...]
Memory Configuration

Name             Origin             Length             Attributes
RAM              0x0000000020000000 0x0000000000020000 xrw
FLASH            0x0000000008000000 0x0000000000040000 xr
*default*        0x0000000000000000 0xffffffffffffffff

Linker script and memory map

LOAD /opt/st/stm32cubeide_1.3.0/plugins/com.st.stm32cube.ide.mcu.externaltools.gnu-tools-for-stm32.7-2018-q2-update.linux64_1.0.0.201904181610/tools/bin/../lib/gcc/arm-none-eabi/7.3.1/thumb/v7e-m/fpv4-sp/hard/crti.o
LOAD /opt/st/stm32cubeide_1.3.0/plugins/com.st.stm32cube.ide.mcu.externaltools.gnu-tools-for-stm32.7-2018-q2-update.linux64_1.0.0.201904181610/tools/bin/../lib/gcc/arm-none-eabi/7.3.1/thumb/v7e-m/fpv4-sp/hard/crtbegin.o
LOAD /opt/st/stm32cubeide_1.3.0/plugins/com.st.stm32cube.ide.mcu.externaltools.gnu-tools-for-stm32.7-2018-q2-update.linux64_1.0.0.201904181610/tools/bin/../lib/gcc/arm-none-eabi/7.3.1/../../../../arm-none-eabi/lib/thumb/v7e-m/fpv4-sp/hard/crt0.o
LOAD Core/Src/main.o
LOAD Core/Src/stm32f4xx_hal_msp.o
LOAD Core/Src/stm32f4xx_it.o
LOAD Core/Src/syscalls.o
LOAD Core/Src/sysmem.o
LOAD Core/Src/system_stm32f4xx.o
LOAD Core/Startup/startup_stm32f446rctx.o
LOAD Drivers/STM32F4xx_HAL_Driver/Src/stm32f4xx_hal.o
LOAD Drivers/STM32F4xx_HAL_Driver/Src/stm32f4xx_hal_adc.o
LOAD Drivers/STM32F4xx_HAL_Driver/Src/stm32f4xx_hal_adc_ex.o
LOAD Drivers/STM32F4xx_HAL_Driver/Src/stm32f4xx_hal_cortex.o
LOAD Drivers/STM32F4xx_HAL_Driver/Src/stm32f4xx_hal_dac.o
LOAD Drivers/STM32F4xx_HAL_Driver/Src/stm32f4xx_hal_dac_ex.o
LOAD Drivers/STM32F4xx_HAL_Driver/Src/stm32f4xx_hal_dma.o
LOAD Drivers/STM32F4xx_HAL_Driver/Src/stm32f4xx_hal_dma_ex.o
LOAD Drivers/STM32F4xx_HAL_Driver/Src/stm32f4xx_hal_exti.o
LOAD Drivers/STM32F4xx_HAL_Driver/Src/stm32f4xx_hal_flash.o
LOAD Drivers/STM32F4xx_HAL_Driver/Src/stm32f4xx_hal_flash_ex.o
LOAD Drivers/STM32F4xx_HAL_Driver/Src/stm32f4xx_hal_flash_ramfunc.o
LOAD Drivers/STM32F4xx_HAL_Driver/Src/stm32f4xx_hal_gpio.o
LOAD Drivers/STM32F4xx_HAL_Driver/Src/stm32f4xx_hal_pcd.o
LOAD Drivers/STM32F4xx_HAL_Driver/Src/stm32f4xx_hal_pcd_ex.o
LOAD Drivers/STM32F4xx_HAL_Driver/Src/stm32f4xx_hal_pwr.o
LOAD Drivers/STM32F4xx_HAL_Driver/Src/stm32f4xx_hal_pwr_ex.o
LOAD Drivers/STM32F4xx_HAL_Driver/Src/stm32f4xx_hal_rcc.o
LOAD Drivers/STM32F4xx_HAL_Driver/Src/stm32f4xx_hal_rcc_ex.o
LOAD Drivers/STM32F4xx_HAL_Driver/Src/stm32f4xx_hal_rtc.o
LOAD Drivers/STM32F4xx_HAL_Driver/Src/stm32f4xx_hal_rtc_ex.o
LOAD Drivers/STM32F4xx_HAL_Driver/Src/stm32f4xx_hal_sd.o
LOAD Drivers/STM32F4xx_HAL_Driver/Src/stm32f4xx_hal_spi.o
LOAD Drivers/STM32F4xx_HAL_Driver/Src/stm32f4xx_hal_tim.o
LOAD Drivers/STM32F4xx_HAL_Driver/Src/stm32f4xx_hal_tim_ex.o
LOAD Drivers/STM32F4xx_HAL_Driver/Src/stm32f4xx_hal_uart.o
LOAD Drivers/STM32F4xx_HAL_Driver/Src/stm32f4xx_ll_sdmmc.o
LOAD Drivers/STM32F4xx_HAL_Driver/Src/stm32f4xx_ll_usb.o
LOAD Middlewares/Third_Party/Serial/Src/serial.o
LOAD Middlewares/Third_Party/TTY/Src/tty.o
START GROUP
LOAD /opt/st/stm32cubeide_1.3.0/plugins/com.st.stm32cube.ide.mcu.externaltools.gnu-tools-for-stm32.7-2018-q2-update.linux64_1.0.0.201904181610/tools/bin/../lib/gcc/arm-none-eabi/7.3.1/../../../../arm-none-eabi/lib/thumb/v7e-m/fpv4-sp/hard/libc_nano.a
LOAD /opt/st/stm32cubeide_1.3.0/plugins/com.st.stm32cube.ide.mcu.externaltools.gnu-tools-for-stm32.7-2018-q2-update.linux64_1.0.0.201904181610/tools/bin/../lib/gcc/arm-none-eabi/7.3.1/../../../../arm-none-eabi/lib/thumb/v7e-m/fpv4-sp/hard/libm.a
END GROUP
START GROUP
LOAD /opt/st/stm32cubeide_1.3.0/plugins/com.st.stm32cube.ide.mcu.externaltools.gnu-tools-for-stm32.7-2018-q2-update.linux64_1.0.0.201904181610/tools/bin/../lib/gcc/arm-none-eabi/7.3.1/thumb/v7e-m/fpv4-sp/hard/libgcc.a
LOAD /opt/st/stm32cubeide_1.3.0/plugins/com.st.stm32cube.ide.mcu.externaltools.gnu-tools-for-stm32.7-2018-q2-update.linux64_1.0.0.201904181610/tools/bin/../lib/gcc/arm-none-eabi/7.3.1/../../../../arm-none-eabi/lib/thumb/v7e-m/fpv4-sp/hard/libc_nano.a
END GROUP
START GROUP
LOAD /opt/st/stm32cubeide_1.3.0/plugins/com.st.stm32cube.ide.mcu.externaltools.gnu-tools-for-stm32.7-2018-q2-update.linux64_1.0.0.201904181610/tools/bin/../lib/gcc/arm-none-eabi/7.3.1/thumb/v7e-m/fpv4-sp/hard/libgcc.a
LOAD /opt/st/stm32cubeide_1.3.0/plugins/com.st.stm32cube.ide.mcu.externaltools.gnu-tools-for-stm32.7-2018-q2-update.linux64_1.0.0.201904181610/tools/bin/../lib/gcc/arm-none-eabi/7.3.1/../../../../arm-none-eabi/lib/thumb/v7e-m/fpv4-sp/hard/libc_nano.a
LOAD /opt/st/stm32cubeide_1.3.0/plugins/com.st.stm32cube.ide.mcu.externaltools.gnu-tools-for-stm32.7-2018-q2-update.linux64_1.0.0.201904181610/tools/bin/../lib/gcc/arm-none-eabi/7.3.1/../../../../arm-none-eabi/lib/thumb/v7e-m/fpv4-sp/hard/libnosys.a
END GROUP
START GROUP
LOAD /opt/st/stm32cubeide_1.3.0/plugins/com.st.stm32cube.ide.mcu.externaltools.gnu-tools-for-stm32.7-2018-q2-update.linux64_1.0.0.201904181610/tools/bin/../lib/gcc/arm-none-eabi/7.3.1/thumb/v7e-m/fpv4-sp/hard/libgcc.a
LOAD /opt/st/stm32cubeide_1.3.0/plugins/com.st.stm32cube.ide.mcu.externaltools.gnu-tools-for-stm32.7-2018-q2-update.linux64_1.0.0.201904181610/tools/bin/../lib/gcc/arm-none-eabi/7.3.1/../../../../arm-none-eabi/lib/thumb/v7e-m/fpv4-sp/hard/libc_nano.a
LOAD /opt/st/stm32cubeide_1.3.0/plugins/com.st.stm32cube.ide.mcu.externaltools.gnu-tools-for-stm32.7-2018-q2-update.linux64_1.0.0.201904181610/tools/bin/../lib/gcc/arm-none-eabi/7.3.1/../../../../arm-none-eabi/lib/thumb/v7e-m/fpv4-sp/hard/libnosys.a
END GROUP
LOAD /opt/st/stm32cubeide_1.3.0/plugins/com.st.stm32cube.ide.mcu.externaltools.gnu-tools-for-stm32.7-2018-q2-update.linux64_1.0.0.201904181610/tools/bin/../lib/gcc/arm-none-eabi/7.3.1/thumb/v7e-m/fpv4-sp/hard/crtend.o
LOAD /opt/st/stm32cubeide_1.3.0/plugins/com.st.stm32cube.ide.mcu.externaltools.gnu-tools-for-stm32.7-2018-q2-update.linux64_1.0.0.201904181610/tools/bin/../lib/gcc/arm-none-eabi/7.3.1/thumb/v7e-m/fpv4-sp/hard/crtn.o
                0x0000000020020000                _estack = (ORIGIN (RAM) + LENGTH (RAM))
                0x0000000000000200                _Min_Heap_Size = 0x200
                0x0000000000000400                _Min_Stack_Size = 0x400

.isr_vector     0x0000000008000000      0x1c4
                0x0000000008000000                . = ALIGN (0x4)
 *(.isr_vector)
 .isr_vector    0x0000000008000000      0x1c4 Core/Startup/startup_stm32f446rctx.o
                0x0000000008000000                g_pfnVectors
                0x00000000080001c4                . = ALIGN (0x4)

.text           0x00000000080001c4     0x5274
                0x00000000080001c4                . = ALIGN (0x4)
 *(.text)
 .text          0x00000000080001c4       0x40 /opt/st/stm32cubeide_1.3.0/plugins/com.st.stm32cube.ide.mcu.externaltools.gnu-tools-for-stm32.7-2018-q2-update.linux64_1.0.0.201904181610/tools/bin/../lib/gcc/arm-none-eabi/7.3.1/thumb/v7e-m/fpv4-sp/hard/crtbegin.o
 .text          0x0000000008000204       0x30 /opt/st/stm32cubeide_1.3.0/plugins/com.st.stm32cube.ide.mcu.externaltools.gnu-tools-for-stm32.7-2018-q2-update.linux64_1.0.0.201904181610/tools/bin/../lib/gcc/arm-none-eabi/7.3.1/thumb/v7e-m/fpv4-sp/hard/libgcc.a(_aeabi_uldivmod.o)
                0x0000000008000204                __aeabi_uldivmod
 .text          0x0000000008000234      0x2cc /opt/st/stm32cubeide_1.3.0/plugins/com.st.stm32cube.ide.mcu.externaltools.gnu-tools-for-stm32.7-2018-q2-update.linux64_1.0.0.201904181610/tools/bin/../lib/gcc/arm-none-eabi/7.3.1/thumb/v7e-m/fpv4-sp/hard/libgcc.a(_udivmoddi4.o)
                0x0000000008000234                __udivmoddi4
 .text          0x0000000008000500        0x4 /opt/st/stm32cubeide_1.3.0/plugins/com.st.stm32cube.ide.mcu.externaltools.gnu-tools-for-stm32.7-2018-q2-update.linux64_1.0.0.201904181610/tools/bin/../lib/gcc/arm-none-eabi/7.3.1/thumb/v7e-m/fpv4-sp/hard/libgcc.a(_dvmd_tls.o)
                0x0000000008000500                __aeabi_ldiv0
                0x0000000008000500                __aeabi_idiv0
 *(.text*)
 .text.main     0x0000000008000504       0x36 Core/Src/main.o
                0x0000000008000504                main
 *fill*         0x000000000800053a        0x2 
 .text.SystemClock_Config
                0x000000000800053c      0x128 Core/Src/main.o
                0x000000000800053c                SystemClock_Config
 .text.MX_ADC1_Init
                0x0000000008000664       0xa4 Core/Src/main.o
 .text.MX_DAC_Init
                0x0000000008000708       0x54 Core/Src/main.o
 .text.MX_RTC_Init
                0x000000000800075c       0x5c Core/Src/main.o
 .text.MX_SDIO_SD_Init
                0x00000000080007b8       0x60 Core/Src/main.o
 .text.MX_SPI1_Init
                0x0000000008000818       0x6c Core/Src/main.o
 .text.MX_SPI2_Init
                0x0000000008000884       0x6c Core/Src/main.o
 .text.MX_UART4_Init
                0x00000000080008f0       0x54 Core/Src/main.o
 .text.MX_USART2_UART_Init
                0x0000000008000944       0x54 Core/Src/main.o
 .text.MX_USB_OTG_FS_PCD_Init
                0x0000000008000998       0x5c Core/Src/main.o
 .text.MX_GPIO_Init
                0x00000000080009f4      0x1a0 Core/Src/main.o
 .text.Error_Handler
                0x0000000008000b94        0xe Core/Src/main.o
                0x0000000008000b94                Error_Handler
 *fill*         0x0000000008000ba2        0x2 
 .text.HAL_MspInit
                0x0000000008000ba4       0x50 Core/Src/stm32f4xx_hal_msp.o
                0x0000000008000ba4                HAL_MspInit
 .text.HAL_ADC_MspInit
                0x0000000008000bf4       0x88 Core/Src/stm32f4xx_hal_msp.o
                0x0000000008000bf4                HAL_ADC_MspInit
 .text.HAL_DAC_MspInit
                0x0000000008000c7c       0x88 Core/Src/stm32f4xx_hal_msp.o
                0x0000000008000c7c                HAL_DAC_MspInit
 .text.HAL_RTC_MspInit
                0x0000000008000d04       0x2c Core/Src/stm32f4xx_hal_msp.o
                0x0000000008000d04                HAL_RTC_MspInit
 .text.HAL_SD_MspInit
                0x0000000008000d30       0xd0 Core/Src/stm32f4xx_hal_msp.o
                0x0000000008000d30                HAL_SD_MspInit
 .text.HAL_SPI_MspInit
                0x0000000008000e00       0xfc Core/Src/stm32f4xx_hal_msp.o
                0x0000000008000e00                HAL_SPI_MspInit
 .text.HAL_UART_MspInit
                0x0000000008000efc       0xf8 Core/Src/stm32f4xx_hal_msp.o
                0x0000000008000efc                HAL_UART_MspInit
 .text.HAL_PCD_MspInit
                0x0000000008000ff4       0x98 Core/Src/stm32f4xx_hal_msp.o
                0x0000000008000ff4                HAL_PCD_MspInit
 .text.NMI_Handler
                0x000000000800108c        0xe Core/Src/stm32f4xx_it.o
                0x000000000800108c                NMI_Handler
 .text.HardFault_Handler
                0x000000000800109a        0x6 Core/Src/stm32f4xx_it.o
                0x000000000800109a                HardFault_Handler
 .text.MemManage_Handler
                0x00000000080010a0        0x6 Core/Src/stm32f4xx_it.o
                0x00000000080010a0                MemManage_Handler
 .text.BusFault_Handler
                0x00000000080010a6        0x6 Core/Src/stm32f4xx_it.o
                0x00000000080010a6                BusFault_Handler
 .text.UsageFault_Handler
                0x00000000080010ac        0x6 Core/Src/stm32f4xx_it.o
                0x00000000080010ac                UsageFault_Handler
 .text.SVC_Handler
                0x00000000080010b2        0xe Core/Src/stm32f4xx_it.o
                0x00000000080010b2                SVC_Handler
 .text.DebugMon_Handler
                0x00000000080010c0        0xe Core/Src/stm32f4xx_it.o
                0x00000000080010c0                DebugMon_Handler
 .text.PendSV_Handler
                0x00000000080010ce        0xe Core/Src/stm32f4xx_it.o
                0x00000000080010ce                PendSV_Handler
 .text.SysTick_Handler
                0x00000000080010dc        0xc Core/Src/stm32f4xx_it.o
                0x00000000080010dc                SysTick_Handler
 .text.SystemInit
                0x00000000080010e8       0x2c Core/Src/system_stm32f4xx.o
                0x00000000080010e8                SystemInit
 .text.Reset_Handler
                0x0000000008001114       0x50 Core/Startup/startup_stm32f446rctx.o
                0x0000000008001114                Reset_Handler
 .text.Default_Handler
                0x0000000008001164        0x2 Core/Startup/startup_stm32f446rctx.o
                0x0000000008001164                RTC_Alarm_IRQHandler
                0x0000000008001164                EXTI2_IRQHandler
                0x0000000008001164                TIM8_CC_IRQHandler
                0x0000000008001164                FMPI2C1_EV_IRQHandler
                0x0000000008001164                SPI4_IRQHandler
                0x0000000008001164                TIM1_CC_IRQHandler
                0x0000000008001164                DMA2_Stream5_IRQHandler
                0x0000000008001164                DMA1_Stream5_IRQHandler
                0x0000000008001164                PVD_IRQHandler
                0x0000000008001164                SDIO_IRQHandler
                0x0000000008001164                TAMP_STAMP_IRQHandler
                0x0000000008001164                CAN2_RX1_IRQHandler
                0x0000000008001164                EXTI3_IRQHandler
                0x0000000008001164                TIM8_TRG_COM_TIM14_IRQHandler
                0x0000000008001164                TIM1_UP_TIM10_IRQHandler
                0x0000000008001164                TIM8_UP_TIM13_IRQHandler
                0x0000000008001164                I2C3_ER_IRQHandler
                0x0000000008001164                EXTI0_IRQHandler
                0x0000000008001164                I2C2_EV_IRQHandler
                0x0000000008001164                DMA1_Stream2_IRQHandler
                0x0000000008001164                CAN1_RX0_IRQHandler
                0x0000000008001164                FPU_IRQHandler
                0x0000000008001164                OTG_HS_WKUP_IRQHandler
                0x0000000008001164                CAN2_SCE_IRQHandler
                0x0000000008001164                DMA2_Stream2_IRQHandler
                0x0000000008001164                SPI1_IRQHandler
                0x0000000008001164                TIM6_DAC_IRQHandler
                0x0000000008001164                TIM1_BRK_TIM9_IRQHandler
                0x0000000008001164                DCMI_IRQHandler
                0x0000000008001164                CAN2_RX0_IRQHandler
                0x0000000008001164                DMA2_Stream3_IRQHandler
                0x0000000008001164                SAI2_IRQHandler
                0x0000000008001164                USART6_IRQHandler
                0x0000000008001164                USART3_IRQHandler
                0x0000000008001164                CAN1_RX1_IRQHandler
                0x0000000008001164                UART5_IRQHandler
                0x0000000008001164                DMA2_Stream0_IRQHandler
                0x0000000008001164                TIM4_IRQHandler
                0x0000000008001164                QUADSPI_IRQHandler
                0x0000000008001164                I2C1_EV_IRQHandler
                0x0000000008001164                DMA1_Stream6_IRQHandler
                0x0000000008001164                DMA1_Stream1_IRQHandler
                0x0000000008001164                UART4_IRQHandler
                0x0000000008001164                TIM3_IRQHandler
                0x0000000008001164                RCC_IRQHandler
                0x0000000008001164                TIM8_BRK_TIM12_IRQHandler
                0x0000000008001164                Default_Handler
                0x0000000008001164                CEC_IRQHandler
                0x0000000008001164                EXTI15_10_IRQHandler
                0x0000000008001164                ADC_IRQHandler
                0x0000000008001164                DMA1_Stream7_IRQHandler
                0x0000000008001164                TIM7_IRQHandler
                0x0000000008001164                CAN2_TX_IRQHandler
                0x0000000008001164                TIM5_IRQHandler
                0x0000000008001164                DMA2_Stream7_IRQHandler
                0x0000000008001164                I2C3_EV_IRQHandler
                0x0000000008001164                EXTI9_5_IRQHandler
                0x0000000008001164                RTC_WKUP_IRQHandler
                0x0000000008001164                SPDIF_RX_IRQHandler
                0x0000000008001164                SPI2_IRQHandler
                0x0000000008001164                OTG_HS_EP1_IN_IRQHandler
                0x0000000008001164                DMA1_Stream0_IRQHandler
                0x0000000008001164                CAN1_TX_IRQHandler
                0x0000000008001164                FMPI2C1_ER_IRQHandler
                0x0000000008001164                EXTI4_IRQHandler
                0x0000000008001164                OTG_HS_EP1_OUT_IRQHandler
                0x0000000008001164                WWDG_IRQHandler
                0x0000000008001164                TIM2_IRQHandler
                0x0000000008001164                OTG_FS_WKUP_IRQHandler
                0x0000000008001164                TIM1_TRG_COM_TIM11_IRQHandler
                0x0000000008001164                OTG_HS_IRQHandler
                0x0000000008001164                EXTI1_IRQHandler
                0x0000000008001164                USART2_IRQHandler
                0x0000000008001164                I2C2_ER_IRQHandler
                0x0000000008001164                DMA2_Stream1_IRQHandler
                0x0000000008001164                CAN1_SCE_IRQHandler
                0x0000000008001164                FLASH_IRQHandler
                0x0000000008001164                DMA2_Stream4_IRQHandler
                0x0000000008001164                USART1_IRQHandler
                0x0000000008001164                OTG_FS_IRQHandler
                0x0000000008001164                SPI3_IRQHandler
                0x0000000008001164                DMA1_Stream4_IRQHandler
                0x0000000008001164                I2C1_ER_IRQHandler
                0x0000000008001164                FMC_IRQHandler
                0x0000000008001164                DMA2_Stream6_IRQHandler
                0x0000000008001164                SAI1_IRQHandler
                0x0000000008001164                DMA1_Stream3_IRQHandler
 *fill*         0x0000000008001166        0x2 
 .text.HAL_Init
                0x0000000008001168       0x44 Drivers/STM32F4xx_HAL_Driver/Src/stm32f4xx_hal.o
                0x0000000008001168                HAL_Init
 .text.HAL_InitTick
                0x00000000080011ac       0x60 Drivers/STM32F4xx_HAL_Driver/Src/stm32f4xx_hal.o
                0x00000000080011ac                HAL_InitTick
 .text.HAL_IncTick
                0x000000000800120c       0x28 Drivers/STM32F4xx_HAL_Driver/Src/stm32f4xx_hal.o
                0x000000000800120c                HAL_IncTick
 .text.HAL_GetTick
                0x0000000008001234       0x18 Drivers/STM32F4xx_HAL_Driver/Src/stm32f4xx_hal.o
                0x0000000008001234                HAL_GetTick
 .text.HAL_Delay
                0x000000000800124c       0x44 Drivers/STM32F4xx_HAL_Driver/Src/stm32f4xx_hal.o
                0x000000000800124c                HAL_Delay
 .text.HAL_ADC_Init
                0x0000000008001290       0x86 Drivers/STM32F4xx_HAL_Driver/Src/stm32f4xx_hal_adc.o
                0x0000000008001290                HAL_ADC_Init
 *fill*         0x0000000008001316        0x2 
 .text.HAL_ADC_ConfigChannel
                0x0000000008001318      0x264 Drivers/STM32F4xx_HAL_Driver/Src/stm32f4xx_hal_adc.o
                0x0000000008001318                HAL_ADC_ConfigChannel
 .text.ADC_Init
                0x000000000800157c      0x1f8 Drivers/STM32F4xx_HAL_Driver/Src/stm32f4xx_hal_adc.o
 .text.__NVIC_SetPriorityGrouping
                0x0000000008001774       0x48 Drivers/STM32F4xx_HAL_Driver/Src/stm32f4xx_hal_cortex.o
 .text.__NVIC_GetPriorityGrouping
                0x00000000080017bc       0x1c Drivers/STM32F4xx_HAL_Driver/Src/stm32f4xx_hal_cortex.o
 .text.__NVIC_SetPriority
                0x00000000080017d8       0x54 Drivers/STM32F4xx_HAL_Driver/Src/stm32f4xx_hal_cortex.o
 .text.NVIC_EncodePriority
                0x000000000800182c       0x66 Drivers/STM32F4xx_HAL_Driver/Src/stm32f4xx_hal_cortex.o
 *fill*         0x0000000008001892        0x2 
 .text.SysTick_Config
                0x0000000008001894       0x44 Drivers/STM32F4xx_HAL_Driver/Src/stm32f4xx_hal_cortex.o
 .text.HAL_NVIC_SetPriorityGrouping
                0x00000000080018d8       0x16 Drivers/STM32F4xx_HAL_Driver/Src/stm32f4xx_hal_cortex.o
                0x00000000080018d8                HAL_NVIC_SetPriorityGrouping
 .text.HAL_NVIC_SetPriority
                0x00000000080018ee       0x38 Drivers/STM32F4xx_HAL_Driver/Src/stm32f4xx_hal_cortex.o
                0x00000000080018ee                HAL_NVIC_SetPriority
 .text.HAL_SYSTICK_Config
                0x0000000008001926       0x18 Drivers/STM32F4xx_HAL_Driver/Src/stm32f4xx_hal_cortex.o
                0x0000000008001926                HAL_SYSTICK_Config
 .text.HAL_DAC_Init
                0x000000000800193e       0x44 Drivers/STM32F4xx_HAL_Driver/Src/stm32f4xx_hal_dac.o
                0x000000000800193e                HAL_DAC_Init
 .text.HAL_DAC_ConfigChannel
                0x0000000008001982       0x9a Drivers/STM32F4xx_HAL_Driver/Src/stm32f4xx_hal_dac.o
                0x0000000008001982                HAL_DAC_ConfigChannel
 .text.HAL_GPIO_Init
                0x0000000008001a1c      0x324 Drivers/STM32F4xx_HAL_Driver/Src/stm32f4xx_hal_gpio.o
                0x0000000008001a1c                HAL_GPIO_Init
 .text.HAL_GPIO_WritePin
                0x0000000008001d40       0x32 Drivers/STM32F4xx_HAL_Driver/Src/stm32f4xx_hal_gpio.o
                0x0000000008001d40                HAL_GPIO_WritePin
 .text.HAL_PCD_Init
                0x0000000008001d72      0x248 Drivers/STM32F4xx_HAL_Driver/Src/stm32f4xx_hal_pcd.o
                0x0000000008001d72                HAL_PCD_Init
 .text.HAL_PCDEx_ActivateLPM
                0x0000000008001fba       0x48 Drivers/STM32F4xx_HAL_Driver/Src/stm32f4xx_hal_pcd_ex.o
                0x0000000008001fba                HAL_PCDEx_ActivateLPM
 *fill*         0x0000000008002002        0x2 
 .text.HAL_RCC_ClockConfig
                0x0000000008002004      0x1cc Drivers/STM32F4xx_HAL_Driver/Src/stm32f4xx_hal_rcc.o
                0x0000000008002004                HAL_RCC_ClockConfig
 .text.HAL_RCC_GetHCLKFreq
                0x00000000080021d0       0x18 Drivers/STM32F4xx_HAL_Driver/Src/stm32f4xx_hal_rcc.o
                0x00000000080021d0                HAL_RCC_GetHCLKFreq
 .text.HAL_RCC_GetPCLK1Freq
                0x00000000080021e8       0x28 Drivers/STM32F4xx_HAL_Driver/Src/stm32f4xx_hal_rcc.o
                0x00000000080021e8                HAL_RCC_GetPCLK1Freq
 .text.HAL_RCC_GetPCLK2Freq
                0x0000000008002210       0x28 Drivers/STM32F4xx_HAL_Driver/Src/stm32f4xx_hal_rcc.o
                0x0000000008002210                HAL_RCC_GetPCLK2Freq
 .text.HAL_RCCEx_PeriphCLKConfig
                0x0000000008002238      0x654 Drivers/STM32F4xx_HAL_Driver/Src/stm32f4xx_hal_rcc_ex.o
                0x0000000008002238                HAL_RCCEx_PeriphCLKConfig
 .text.HAL_RCC_GetSysClockFreq
                0x000000000800288c      0x2a4 Drivers/STM32F4xx_HAL_Driver/Src/stm32f4xx_hal_rcc_ex.o
                0x000000000800288c                HAL_RCC_GetSysClockFreq
 .text.HAL_RCC_OscConfig
                0x0000000008002b30      0x4b4 Drivers/STM32F4xx_HAL_Driver/Src/stm32f4xx_hal_rcc_ex.o
                0x0000000008002b30                HAL_RCC_OscConfig
 .text.HAL_RTC_Init
                0x0000000008002fe4      0x122 Drivers/STM32F4xx_HAL_Driver/Src/stm32f4xx_hal_rtc.o
                0x0000000008002fe4                HAL_RTC_Init
 .text.HAL_RTC_WaitForSynchro
                0x0000000008003106       0x50 Drivers/STM32F4xx_HAL_Driver/Src/stm32f4xx_hal_rtc.o
                0x0000000008003106                HAL_RTC_WaitForSynchro
 .text.RTC_EnterInitMode
                0x0000000008003156       0x58 Drivers/STM32F4xx_HAL_Driver/Src/stm32f4xx_hal_rtc.o
                0x0000000008003156                RTC_EnterInitMode
 .text.HAL_RTCEx_SetCalibrationOutPut
                0x00000000080031ae       0x84 Drivers/STM32F4xx_HAL_Driver/Src/stm32f4xx_hal_rtc_ex.o
                0x00000000080031ae                HAL_RTCEx_SetCalibrationOutPut
 .text.HAL_SD_Init
                0x0000000008003232       0x60 Drivers/STM32F4xx_HAL_Driver/Src/stm32f4xx_hal_sd.o
                0x0000000008003232                HAL_SD_Init
 *fill*         0x0000000008003292        0x2 
 .text.HAL_SD_InitCard
                0x0000000008003294       0xc0 Drivers/STM32F4xx_HAL_Driver/Src/stm32f4xx_hal_sd.o
                0x0000000008003294                HAL_SD_InitCard
 .text.HAL_SD_GetCardCSD
                0x0000000008003354      0x348 Drivers/STM32F4xx_HAL_Driver/Src/stm32f4xx_hal_sd.o
                0x0000000008003354                HAL_SD_GetCardCSD
 .text.HAL_SD_ConfigWideBusOperation
                0x000000000800369c       0xf8 Drivers/STM32F4xx_HAL_Driver/Src/stm32f4xx_hal_sd.o
                0x000000000800369c                HAL_SD_ConfigWideBusOperation
 .text.SD_InitCard
                0x0000000008003794      0x19a Drivers/STM32F4xx_HAL_Driver/Src/stm32f4xx_hal_sd.o
 *fill*         0x000000000800392e        0x2 
 .text.SD_PowerON
                0x0000000008003930      0x11c Drivers/STM32F4xx_HAL_Driver/Src/stm32f4xx_hal_sd.o
 .text.SD_WideBus_Enable
                0x0000000008003a4c       0x96 Drivers/STM32F4xx_HAL_Driver/Src/stm32f4xx_hal_sd.o
 .text.SD_WideBus_Disable
                0x0000000008003ae2       0x96 Drivers/STM32F4xx_HAL_Driver/Src/stm32f4xx_hal_sd.o
 .text.SD_FindSCR
                0x0000000008003b78      0x194 Drivers/STM32F4xx_HAL_Driver/Src/stm32f4xx_hal_sd.o
 .text.HAL_SPI_Init
                0x0000000008003d0c       0xc8 Drivers/STM32F4xx_HAL_Driver/Src/stm32f4xx_hal_spi.o
                0x0000000008003d0c                HAL_SPI_Init
 .text.HAL_UART_Init
                0x0000000008003dd4       0x9a Drivers/STM32F4xx_HAL_Driver/Src/stm32f4xx_hal_uart.o
                0x0000000008003dd4                HAL_UART_Init
 *fill*         0x0000000008003e6e        0x2 
 .text.UART_SetConfig
                0x0000000008003e70      0x6f8 Drivers/STM32F4xx_HAL_Driver/Src/stm32f4xx_hal_uart.o
 .text.SDIO_Init
                0x0000000008004568       0x56 Drivers/STM32F4xx_HAL_Driver/Src/stm32f4xx_ll_sdmmc.o
                0x0000000008004568                SDIO_Init
 .text.SDIO_ReadFIFO
                0x00000000080045be       0x1a Drivers/STM32F4xx_HAL_Driver/Src/stm32f4xx_ll_sdmmc.o
                0x00000000080045be                SDIO_ReadFIFO
 .text.SDIO_PowerState_ON
                0x00000000080045d8       0x1e Drivers/STM32F4xx_HAL_Driver/Src/stm32f4xx_ll_sdmmc.o
                0x00000000080045d8                SDIO_PowerState_ON
 .text.SDIO_GetPowerState
                0x00000000080045f6       0x1c Drivers/STM32F4xx_HAL_Driver/Src/stm32f4xx_ll_sdmmc.o
                0x00000000080045f6                SDIO_GetPowerState
 .text.SDIO_SendCommand
                0x0000000008004612       0x54 Drivers/STM32F4xx_HAL_Driver/Src/stm32f4xx_ll_sdmmc.o
                0x0000000008004612                SDIO_SendCommand
 .text.SDIO_GetCommandResponse
                0x0000000008004666       0x1a Drivers/STM32F4xx_HAL_Driver/Src/stm32f4xx_ll_sdmmc.o
                0x0000000008004666                SDIO_GetCommandResponse
 .text.SDIO_GetResponse
                0x0000000008004680       0x26 Drivers/STM32F4xx_HAL_Driver/Src/stm32f4xx_ll_sdmmc.o
                0x0000000008004680                SDIO_GetResponse
 .text.SDIO_ConfigData
                0x00000000080046a6       0x58 Drivers/STM32F4xx_HAL_Driver/Src/stm32f4xx_ll_sdmmc.o
                0x00000000080046a6                SDIO_ConfigData
 .text.SDMMC_CmdBlockLength
                0x00000000080046fe       0x44 Drivers/STM32F4xx_HAL_Driver/Src/stm32f4xx_ll_sdmmc.o
                0x00000000080046fe                SDMMC_CmdBlockLength
 .text.SDMMC_CmdSelDesel
                0x0000000008004742       0x46 Drivers/STM32F4xx_HAL_Driver/Src/stm32f4xx_ll_sdmmc.o
                0x0000000008004742                SDMMC_CmdSelDesel
 .text.SDMMC_CmdGoIdleState
                0x0000000008004788       0x3c Drivers/STM32F4xx_HAL_Driver/Src/stm32f4xx_ll_sdmmc.o
                0x0000000008004788                SDMMC_CmdGoIdleState
 .text.SDMMC_CmdOperCond
                0x00000000080047c4       0x3e Drivers/STM32F4xx_HAL_Driver/Src/stm32f4xx_ll_sdmmc.o
                0x00000000080047c4                SDMMC_CmdOperCond
 .text.SDMMC_CmdAppCommand
                0x0000000008004802       0x44 Drivers/STM32F4xx_HAL_Driver/Src/stm32f4xx_ll_sdmmc.o
                0x0000000008004802                SDMMC_CmdAppCommand
 .text.SDMMC_CmdAppOperCommand
                0x0000000008004846       0x46 Drivers/STM32F4xx_HAL_Driver/Src/stm32f4xx_ll_sdmmc.o
                0x0000000008004846                SDMMC_CmdAppOperCommand
 .text.SDMMC_CmdBusWidth
                0x000000000800488c       0x44 Drivers/STM32F4xx_HAL_Driver/Src/stm32f4xx_ll_sdmmc.o
                0x000000000800488c                SDMMC_CmdBusWidth
 .text.SDMMC_CmdSendSCR
                0x00000000080048d0       0x42 Drivers/STM32F4xx_HAL_Driver/Src/stm32f4xx_ll_sdmmc.o
                0x00000000080048d0                SDMMC_CmdSendSCR
 .text.SDMMC_CmdSendCID
                0x0000000008004912       0x3c Drivers/STM32F4xx_HAL_Driver/Src/stm32f4xx_ll_sdmmc.o
                0x0000000008004912                SDMMC_CmdSendCID
 .text.SDMMC_CmdSendCSD
                0x000000000800494e       0x3e Drivers/STM32F4xx_HAL_Driver/Src/stm32f4xx_ll_sdmmc.o
                0x000000000800494e                SDMMC_CmdSendCSD
 .text.SDMMC_CmdSetRelAdd
                0x000000000800498c       0x42 Drivers/STM32F4xx_HAL_Driver/Src/stm32f4xx_ll_sdmmc.o
                0x000000000800498c                SDMMC_CmdSetRelAdd
 *fill*         0x00000000080049ce        0x2 
 .text.SDMMC_GetCmdError
                0x00000000080049d0       0x50 Drivers/STM32F4xx_HAL_Driver/Src/stm32f4xx_ll_sdmmc.o
 .text.SDMMC_GetCmdResp1
                0x0000000008004a20      0x1d8 Drivers/STM32F4xx_HAL_Driver/Src/stm32f4xx_ll_sdmmc.o
 .text.SDMMC_GetCmdResp2
                0x0000000008004bf8       0x8c Drivers/STM32F4xx_HAL_Driver/Src/stm32f4xx_ll_sdmmc.o
 .text.SDMMC_GetCmdResp3
                0x0000000008004c84       0x74 Drivers/STM32F4xx_HAL_Driver/Src/stm32f4xx_ll_sdmmc.o
 .text.SDMMC_GetCmdResp6
                0x0000000008004cf8       0xe8 Drivers/STM32F4xx_HAL_Driver/Src/stm32f4xx_ll_sdmmc.o
 .text.SDMMC_GetCmdResp7
                0x0000000008004de0       0x98 Drivers/STM32F4xx_HAL_Driver/Src/stm32f4xx_ll_sdmmc.o
 .text.USB_CoreInit
                0x0000000008004e78       0xc2 Drivers/STM32F4xx_HAL_Driver/Src/stm32f4xx_ll_usb.o
                0x0000000008004e78                USB_CoreInit
 .text.USB_DisableGlobalInt
                0x0000000008004f3a       0x22 Drivers/STM32F4xx_HAL_Driver/Src/stm32f4xx_ll_usb.o
                0x0000000008004f3a                USB_DisableGlobalInt
 .text.USB_SetCurrentMode
                0x0000000008004f5c       0x54 Drivers/STM32F4xx_HAL_Driver/Src/stm32f4xx_ll_usb.o
                0x0000000008004f5c                USB_SetCurrentMode
 .text.USB_DevInit
                0x0000000008004fb0      0x2bc Drivers/STM32F4xx_HAL_Driver/Src/stm32f4xx_ll_usb.o
                0x0000000008004fb0                USB_DevInit
 .text.USB_FlushTxFifo
                0x000000000800526c       0x4c Drivers/STM32F4xx_HAL_Driver/Src/stm32f4xx_ll_usb.o
                0x000000000800526c                USB_FlushTxFifo
 .text.USB_FlushRxFifo
                0x00000000080052b8       0x44 Drivers/STM32F4xx_HAL_Driver/Src/stm32f4xx_ll_usb.o
                0x00000000080052b8                USB_FlushRxFifo
 .text.USB_SetDevSpeed
                0x00000000080052fc       0x32 Drivers/STM32F4xx_HAL_Driver/Src/stm32f4xx_ll_usb.o
                0x00000000080052fc                USB_SetDevSpeed
 .text.USB_DevDisconnect
                0x000000000800532e       0x30 Drivers/STM32F4xx_HAL_Driver/Src/stm32f4xx_ll_usb.o
                0x000000000800532e                USB_DevDisconnect
 *fill*         0x000000000800535e        0x2 
 .text.USB_CoreReset
                0x0000000008005360       0x68 Drivers/STM32F4xx_HAL_Driver/Src/stm32f4xx_ll_usb.o
 .text.__libc_init_array
                0x00000000080053c8       0x48 /opt/st/stm32cubeide_1.3.0/plugins/com.st.stm32cube.ide.mcu.externaltools.gnu-tools-for-stm32.7-2018-q2-update.linux64_1.0.0.201904181610/tools/bin/../lib/gcc/arm-none-eabi/7.3.1/../../../../arm-none-eabi/lib/thumb/v7e-m/fpv4-sp/hard/libc_nano.a(lib_a-init.o)
                0x00000000080053c8                __libc_init_array
 .text.memset   0x0000000008005410       0x10 /opt/st/stm32cubeide_1.3.0/plugins/com.st.stm32cube.ide.mcu.externaltools.gnu-tools-for-stm32.7-2018-q2-update.linux64_1.0.0.201904181610/tools/bin/../lib/gcc/arm-none-eabi/7.3.1/../../../../arm-none-eabi/lib/thumb/v7e-m/fpv4-sp/hard/libc_nano.a(lib_a-memset.o)
                0x0000000008005410                memset
 *(.glue_7)
 .glue_7        0x0000000008005420        0x0 linker stubs
 *(.glue_7t)
 .glue_7t       0x0000000008005420        0x0 linker stubs
 *(.eh_frame)
 .eh_frame      0x0000000008005420        0x0 /opt/st/stm32cubeide_1.3.0/plugins/com.st.stm32cube.ide.mcu.externaltools.gnu-tools-for-stm32.7-2018-q2-update.linux64_1.0.0.201904181610/tools/bin/../lib/gcc/arm-none-eabi/7.3.1/thumb/v7e-m/fpv4-sp/hard/crtbegin.o
 *(.init)
 .init          0x0000000008005420        0x4 /opt/st/stm32cubeide_1.3.0/plugins/com.st.stm32cube.ide.mcu.externaltools.gnu-tools-for-stm32.7-2018-q2-update.linux64_1.0.0.201904181610/tools/bin/../lib/gcc/arm-none-eabi/7.3.1/thumb/v7e-m/fpv4-sp/hard/crti.o
                0x0000000008005420                _init
 .init          0x0000000008005424        0x8 /opt/st/stm32cubeide_1.3.0/plugins/com.st.stm32cube.ide.mcu.externaltools.gnu-tools-for-stm32.7-2018-q2-update.linux64_1.0.0.201904181610/tools/bin/../lib/gcc/arm-none-eabi/7.3.1/thumb/v7e-m/fpv4-sp/hard/crtn.o
 *(.fini)
 .fini          0x000000000800542c        0x4 /opt/st/stm32cubeide_1.3.0/plugins/com.st.stm32cube.ide.mcu.externaltools.gnu-tools-for-stm32.7-2018-q2-update.linux64_1.0.0.201904181610/tools/bin/../lib/gcc/arm-none-eabi/7.3.1/thumb/v7e-m/fpv4-sp/hard/crti.o
                0x000000000800542c                _fini
 .fini          0x0000000008005430        0x8 /opt/st/stm32cubeide_1.3.0/plugins/com.st.stm32cube.ide.mcu.externaltools.gnu-tools-for-stm32.7-2018-q2-update.linux64_1.0.0.201904181610/tools/bin/../lib/gcc/arm-none-eabi/7.3.1/thumb/v7e-m/fpv4-sp/hard/crtn.o
                0x0000000008005438                . = ALIGN (0x4)
                0x0000000008005438                _etext = .

.vfp11_veneer   0x0000000008005438        0x0
 .vfp11_veneer  0x0000000008005438        0x0 linker stubs

.v4_bx          0x0000000008005438        0x0
 .v4_bx         0x0000000008005438        0x0 linker stubs

.iplt           0x0000000008005438        0x0
 .iplt          0x0000000008005438        0x0 /opt/st/stm32cubeide_1.3.0/plugins/com.st.stm32cube.ide.mcu.externaltools.gnu-tools-for-stm32.7-2018-q2-update.linux64_1.0.0.201904181610/tools/bin/../lib/gcc/arm-none-eabi/7.3.1/thumb/v7e-m/fpv4-sp/hard/crtbegin.o

.rodata         0x0000000008005438       0x18
                0x0000000008005438                . = ALIGN (0x4)
 *(.rodata)
 *(.rodata*)
 .rodata.AHBPrescTable
                0x0000000008005438       0x10 Core/Src/system_stm32f4xx.o
                0x0000000008005438                AHBPrescTable
 .rodata.APBPrescTable
                0x0000000008005448        0x8 Core/Src/system_stm32f4xx.o
                0x0000000008005448                APBPrescTable
                0x0000000008005450                . = ALIGN (0x4)

.ARM.extab      0x0000000008005450        0x0
                0x0000000008005450                . = ALIGN (0x4)
 *(.ARM.extab* .gnu.linkonce.armextab.*)
                0x0000000008005450                . = ALIGN (0x4)

.ARM            0x0000000008005450        0x8
                0x0000000008005450                . = ALIGN (0x4)
                0x0000000008005450                __exidx_start = .
 *(.ARM.exidx*)
 .ARM.exidx     0x0000000008005450        0x8 /opt/st/stm32cubeide_1.3.0/plugins/com.st.stm32cube.ide.mcu.externaltools.gnu-tools-for-stm32.7-2018-q2-update.linux64_1.0.0.201904181610/tools/bin/../lib/gcc/arm-none-eabi/7.3.1/thumb/v7e-m/fpv4-sp/hard/libgcc.a(_udivmoddi4.o)
                0x0000000008005458                __exidx_end = .
                0x0000000008005458                . = ALIGN (0x4)

.rel.dyn        0x0000000008005458        0x0
 .rel.iplt      0x0000000008005458        0x0 /opt/st/stm32cubeide_1.3.0/plugins/com.st.stm32cube.ide.mcu.externaltools.gnu-tools-for-stm32.7-2018-q2-update.linux64_1.0.0.201904181610/tools/bin/../lib/gcc/arm-none-eabi/7.3.1/thumb/v7e-m/fpv4-sp/hard/crtbegin.o

.preinit_array  0x0000000008005458        0x0
                0x0000000008005458                . = ALIGN (0x4)
                0x0000000008005458                PROVIDE (__preinit_array_start = .)
 *(.preinit_array*)
                0x0000000008005458                PROVIDE (__preinit_array_end = .)
                0x0000000008005458                . = ALIGN (0x4)

.init_array     0x0000000008005458        0x4
                0x0000000008005458                . = ALIGN (0x4)
                0x0000000008005458                PROVIDE (__init_array_start = .)
 *(SORT_BY_NAME(.init_array.*))
 *(.init_array*)
 .init_array    0x0000000008005458        0x4 /opt/st/stm32cubeide_1.3.0/plugins/com.st.stm32cube.ide.mcu.externaltools.gnu-tools-for-stm32.7-2018-q2-update.linux64_1.0.0.201904181610/tools/bin/../lib/gcc/arm-none-eabi/7.3.1/thumb/v7e-m/fpv4-sp/hard/crtbegin.o
                0x000000000800545c                PROVIDE (__init_array_end = .)
                0x000000000800545c                . = ALIGN (0x4)

.fini_array     0x000000000800545c        0x4
                0x000000000800545c                . = ALIGN (0x4)
                [!provide]                        PROVIDE (__fini_array_start = .)
 *(SORT_BY_NAME(.fini_array.*))
 *(.fini_array*)
 .fini_array    0x000000000800545c        0x4 /opt/st/stm32cubeide_1.3.0/plugins/com.st.stm32cube.ide.mcu.externaltools.gnu-tools-for-stm32.7-2018-q2-update.linux64_1.0.0.201904181610/tools/bin/../lib/gcc/arm-none-eabi/7.3.1/thumb/v7e-m/fpv4-sp/hard/crtbegin.o
                [!provide]                        PROVIDE (__fini_array_end = .)
                0x0000000008005460                . = ALIGN (0x4)
                0x0000000008005460                _sidata = LOADADDR (.data)

.data           0x0000000020000000        0xc load address 0x0000000008005460
                0x0000000020000000                . = ALIGN (0x4)
                0x0000000020000000                _sdata = .
 *(.data)
 *(.data*)
 .data.SystemCoreClock
                0x0000000020000000        0x4 Core/Src/system_stm32f4xx.o
                0x0000000020000000                SystemCoreClock
 .data.uwTickPrio
                0x0000000020000004        0x4 Drivers/STM32F4xx_HAL_Driver/Src/stm32f4xx_hal.o
                0x0000000020000004                uwTickPrio
 .data.uwTickFreq
                0x0000000020000008        0x1 Drivers/STM32F4xx_HAL_Driver/Src/stm32f4xx_hal.o
                0x0000000020000008                uwTickFreq
                0x000000002000000c                . = ALIGN (0x4)
 *fill*         0x0000000020000009        0x3 
                0x000000002000000c                _edata = .

.igot.plt       0x000000002000000c        0x0 load address 0x000000000800546c
 .igot.plt      0x000000002000000c        0x0 /opt/st/stm32cubeide_1.3.0/plugins/com.st.stm32cube.ide.mcu.externaltools.gnu-tools-for-stm32.7-2018-q2-update.linux64_1.0.0.201904181610/tools/bin/../lib/gcc/arm-none-eabi/7.3.1/thumb/v7e-m/fpv4-sp/hard/crtbegin.o
                0x000000002000000c                . = ALIGN (0x4)

.bss            0x000000002000000c      0x72c load address 0x000000000800546c
                0x000000002000000c                _sbss = .
                0x000000002000000c                __bss_start__ = _sbss
 *(.bss)
 .bss           0x000000002000000c       0x1c /opt/st/stm32cubeide_1.3.0/plugins/com.st.stm32cube.ide.mcu.externaltools.gnu-tools-for-stm32.7-2018-q2-update.linux64_1.0.0.201904181610/tools/bin/../lib/gcc/arm-none-eabi/7.3.1/thumb/v7e-m/fpv4-sp/hard/crtbegin.o
 *(.bss*)
 *(COMMON)
 COMMON         0x0000000020000028      0x70c Core/Src/main.o
                0x0000000020000028                hspi2
                0x0000000020000080                hpcd_USB_OTG_FS
                0x0000000020000488                hadc1
                0x00000000200004d0                hdac
                0x00000000200004e4                hrtc
                0x0000000020000504                hsd
                0x0000000020000588                huart4
                0x00000000200005c8                hspi1
                0x0000000020000620                huart2
                0x0000000020000660                tty
 COMMON         0x0000000020000734        0x4 Drivers/STM32F4xx_HAL_Driver/Src/stm32f4xx_hal.o
                0x0000000020000734                uwTick
                0x0000000020000738                . = ALIGN (0x4)
                0x0000000020000738                _ebss = .
                0x0000000020000738                __bss_end__ = _ebss

._user_heap_stack
                0x0000000020000738      0x600 load address 0x000000000800546c
                0x0000000020000738                . = ALIGN (0x8)
                0x0000000020000738                PROVIDE (end = .)
                [!provide]                        PROVIDE (_end = .)
                0x0000000020000938                . = (. + _Min_Heap_Size)
 *fill*         0x0000000020000738      0x200 
                0x0000000020000d38                . = (. + _Min_Stack_Size)
 *fill*         0x0000000020000938      0x400 
                0x0000000020000d38                . = ALIGN (0x8)

/DISCARD/
 libc.a(*)
 libm.a(*)
 libgcc.a(*)

.ARM.attributes
                0x0000000000000000       0x30
 *(.ARM.attributes)
 .ARM.attributes
                0x0000000000000000       0x22 /opt/st/stm32cubeide_1.3.0/plugins/com.st.stm32cube.ide.mcu.externaltools.gnu-tools-for-stm32.7-2018-q2-update.linux64_1.0.0.201904181610/tools/bin/../lib/gcc/arm-none-eabi/7.3.1/thumb/v7e-m/fpv4-sp/hard/crti.o
 .ARM.attributes
                0x0000000000000022       0x34 /opt/st/stm32cubeide_1.3.0/plugins/com.st.stm32cube.ide.mcu.externaltools.gnu-tools-for-stm32.7-2018-q2-update.linux64_1.0.0.201904181610/tools/bin/../lib/gcc/arm-none-eabi/7.3.1/thumb/v7e-m/fpv4-sp/hard/crtbegin.o
 .ARM.attributes
                0x0000000000000056       0x39 Core/Src/main.o
 .ARM.attributes
                0x000000000000008f       0x39 Core/Src/stm32f4xx_hal_msp.o
 .ARM.attributes
                0x00000000000000c8       0x39 Core/Src/stm32f4xx_it.o
 .ARM.attributes
                0x0000000000000101       0x39 Core/Src/system_stm32f4xx.o
 .ARM.attributes
                0x000000000000013a       0x21 Core/Startup/startup_stm32f446rctx.o
 .ARM.attributes
                0x000000000000015b       0x39 Drivers/STM32F4xx_HAL_Driver/Src/stm32f4xx_hal.o
 .ARM.attributes
                0x0000000000000194       0x39 Drivers/STM32F4xx_HAL_Driver/Src/stm32f4xx_hal_adc.o
 .ARM.attributes
                0x00000000000001cd       0x39 Drivers/STM32F4xx_HAL_Driver/Src/stm32f4xx_hal_cortex.o
 .ARM.attributes
                0x0000000000000206       0x39 Drivers/STM32F4xx_HAL_Driver/Src/stm32f4xx_hal_dac.o
 .ARM.attributes
                0x000000000000023f       0x39 Drivers/STM32F4xx_HAL_Driver/Src/stm32f4xx_hal_gpio.o
 .ARM.attributes
                0x0000000000000278       0x39 Drivers/STM32F4xx_HAL_Driver/Src/stm32f4xx_hal_pcd.o
 .ARM.attributes
                0x00000000000002b1       0x39 Drivers/STM32F4xx_HAL_Driver/Src/stm32f4xx_hal_pcd_ex.o
 .ARM.attributes
                0x00000000000002ea       0x39 Drivers/STM32F4xx_HAL_Driver/Src/stm32f4xx_hal_rcc.o
 .ARM.attributes
                0x0000000000000323       0x39 Drivers/STM32F4xx_HAL_Driver/Src/stm32f4xx_hal_rcc_ex.o
 .ARM.attributes
                0x000000000000035c       0x39 Drivers/STM32F4xx_HAL_Driver/Src/stm32f4xx_hal_rtc.o
 .ARM.attributes
                0x0000000000000395       0x39 Drivers/STM32F4xx_HAL_Driver/Src/stm32f4xx_hal_rtc_ex.o
 .ARM.attributes
                0x00000000000003ce       0x39 Drivers/STM32F4xx_HAL_Driver/Src/stm32f4xx_hal_sd.o
 .ARM.attributes
                0x0000000000000407       0x39 Drivers/STM32F4xx_HAL_Driver/Src/stm32f4xx_hal_spi.o
 .ARM.attributes
                0x0000000000000440       0x39 Drivers/STM32F4xx_HAL_Driver/Src/stm32f4xx_hal_uart.o
 .ARM.attributes
                0x0000000000000479       0x39 Drivers/STM32F4xx_HAL_Driver/Src/stm32f4xx_ll_sdmmc.o
 .ARM.attributes
                0x00000000000004b2       0x39 Drivers/STM32F4xx_HAL_Driver/Src/stm32f4xx_ll_usb.o
 .ARM.attributes
                0x00000000000004eb       0x34 /opt/st/stm32cubeide_1.3.0/plugins/com.st.stm32cube.ide.mcu.externaltools.gnu-tools-for-stm32.7-2018-q2-update.linux64_1.0.0.201904181610/tools/bin/../lib/gcc/arm-none-eabi/7.3.1/../../../../arm-none-eabi/lib/thumb/v7e-m/fpv4-sp/hard/libc_nano.a(lib_a-init.o)
 .ARM.attributes
                0x000000000000051f       0x34 /opt/st/stm32cubeide_1.3.0/plugins/com.st.stm32cube.ide.mcu.externaltools.gnu-tools-for-stm32.7-2018-q2-update.linux64_1.0.0.201904181610/tools/bin/../lib/gcc/arm-none-eabi/7.3.1/../../../../arm-none-eabi/lib/thumb/v7e-m/fpv4-sp/hard/libc_nano.a(lib_a-memset.o)
 .ARM.attributes
                0x0000000000000553       0x22 /opt/st/stm32cubeide_1.3.0/plugins/com.st.stm32cube.ide.mcu.externaltools.gnu-tools-for-stm32.7-2018-q2-update.linux64_1.0.0.201904181610/tools/bin/../lib/gcc/arm-none-eabi/7.3.1/thumb/v7e-m/fpv4-sp/hard/libgcc.a(_aeabi_uldivmod.o)
 .ARM.attributes
                0x0000000000000575       0x34 /opt/st/stm32cubeide_1.3.0/plugins/com.st.stm32cube.ide.mcu.externaltools.gnu-tools-for-stm32.7-2018-q2-update.linux64_1.0.0.201904181610/tools/bin/../lib/gcc/arm-none-eabi/7.3.1/thumb/v7e-m/fpv4-sp/hard/libgcc.a(_udivmoddi4.o)
 .ARM.attributes
                0x00000000000005a9       0x22 /opt/st/stm32cubeide_1.3.0/plugins/com.st.stm32cube.ide.mcu.externaltools.gnu-tools-for-stm32.7-2018-q2-update.linux64_1.0.0.201904181610/tools/bin/../lib/gcc/arm-none-eabi/7.3.1/thumb/v7e-m/fpv4-sp/hard/libgcc.a(_dvmd_tls.o)
 .ARM.attributes
                0x00000000000005cb       0x22 /opt/st/stm32cubeide_1.3.0/plugins/com.st.stm32cube.ide.mcu.externaltools.gnu-tools-for-stm32.7-2018-q2-update.linux64_1.0.0.201904181610/tools/bin/../lib/gcc/arm-none-eabi/7.3.1/thumb/v7e-m/fpv4-sp/hard/crtn.o
OUTPUT(Kleinvoet.elf elf32-littlearm)

.debug_info     0x0000000000000000    0x13021
 .debug_info    0x0000000000000000     0x20e8 Core/Src/main.o
 .debug_info    0x00000000000020e8     0x1db8 Core/Src/stm32f4xx_hal_msp.o
 .debug_info    0x0000000000003ea0      0x20a Core/Src/stm32f4xx_it.o
 .debug_info    0x00000000000040aa      0x588 Core/Src/system_stm32f4xx.o
 .debug_info    0x0000000000004632       0x22 Core/Startup/startup_stm32f446rctx.o
 .debug_info    0x0000000000004654      0x997 Drivers/STM32F4xx_HAL_Driver/Src/stm32f4xx_hal.o
 .debug_info    0x0000000000004feb      0xcee Drivers/STM32F4xx_HAL_Driver/Src/stm32f4xx_hal_adc.o
 .debug_info    0x0000000000005cd9      0xe46 Drivers/STM32F4xx_HAL_Driver/Src/stm32f4xx_hal_cortex.o
 .debug_info    0x0000000000006b1f      0xa3a Drivers/STM32F4xx_HAL_Driver/Src/stm32f4xx_hal_dac.o
 .debug_info    0x0000000000007559      0x803 Drivers/STM32F4xx_HAL_Driver/Src/stm32f4xx_hal_gpio.o
 .debug_info    0x0000000000007d5c     0x1172 Drivers/STM32F4xx_HAL_Driver/Src/stm32f4xx_hal_pcd.o
 .debug_info    0x0000000000008ece      0x823 Drivers/STM32F4xx_HAL_Driver/Src/stm32f4xx_hal_pcd_ex.o
 .debug_info    0x00000000000096f1      0x944 Drivers/STM32F4xx_HAL_Driver/Src/stm32f4xx_hal_rcc.o
 .debug_info    0x000000000000a035      0x9d5 Drivers/STM32F4xx_HAL_Driver/Src/stm32f4xx_hal_rcc_ex.o
 .debug_info    0x000000000000aa0a      0xbbb Drivers/STM32F4xx_HAL_Driver/Src/stm32f4xx_hal_rtc.o
 .debug_info    0x000000000000b5c5      0xef4 Drivers/STM32F4xx_HAL_Driver/Src/stm32f4xx_hal_rtc_ex.o
 .debug_info    0x000000000000c4b9     0x18b9 Drivers/STM32F4xx_HAL_Driver/Src/stm32f4xx_hal_sd.o
 .debug_info    0x000000000000dd72     0x163a Drivers/STM32F4xx_HAL_Driver/Src/stm32f4xx_hal_spi.o
 .debug_info    0x000000000000f3ac     0x124c Drivers/STM32F4xx_HAL_Driver/Src/stm32f4xx_hal_uart.o
 .debug_info    0x00000000000105f8     0x10ee Drivers/STM32F4xx_HAL_Driver/Src/stm32f4xx_ll_sdmmc.o
 .debug_info    0x00000000000116e6     0x193b Drivers/STM32F4xx_HAL_Driver/Src/stm32f4xx_ll_usb.o

.debug_abbrev   0x0000000000000000     0x27c8
 .debug_abbrev  0x0000000000000000      0x251 Core/Src/main.o
 .debug_abbrev  0x0000000000000251      0x234 Core/Src/stm32f4xx_hal_msp.o
 .debug_abbrev  0x0000000000000485       0xc6 Core/Src/stm32f4xx_it.o
 .debug_abbrev  0x000000000000054b      0x12b Core/Src/system_stm32f4xx.o
 .debug_abbrev  0x0000000000000676       0x12 Core/Startup/startup_stm32f446rctx.o
 .debug_abbrev  0x0000000000000688      0x1c7 Drivers/STM32F4xx_HAL_Driver/Src/stm32f4xx_hal.o
 .debug_abbrev  0x000000000000084f      0x205 Drivers/STM32F4xx_HAL_Driver/Src/stm32f4xx_hal_adc.o
 .debug_abbrev  0x0000000000000a54      0x2fa Drivers/STM32F4xx_HAL_Driver/Src/stm32f4xx_hal_cortex.o
 .debug_abbrev  0x0000000000000d4e      0x1e4 Drivers/STM32F4xx_HAL_Driver/Src/stm32f4xx_hal_dac.o
 .debug_abbrev  0x0000000000000f32      0x1c9 Drivers/STM32F4xx_HAL_Driver/Src/stm32f4xx_hal_gpio.o
 .debug_abbrev  0x00000000000010fb      0x266 Drivers/STM32F4xx_HAL_Driver/Src/stm32f4xx_hal_pcd.o
 .debug_abbrev  0x0000000000001361      0x1cf Drivers/STM32F4xx_HAL_Driver/Src/stm32f4xx_hal_pcd_ex.o
 .debug_abbrev  0x0000000000001530      0x245 Drivers/STM32F4xx_HAL_Driver/Src/stm32f4xx_hal_rcc.o
 .debug_abbrev  0x0000000000001775      0x1bc Drivers/STM32F4xx_HAL_Driver/Src/stm32f4xx_hal_rcc_ex.o
 .debug_abbrev  0x0000000000001931      0x1be Drivers/STM32F4xx_HAL_Driver/Src/stm32f4xx_hal_rtc.o
 .debug_abbrev  0x0000000000001aef      0x1e9 Drivers/STM32F4xx_HAL_Driver/Src/stm32f4xx_hal_rtc_ex.o
 .debug_abbrev  0x0000000000001cd8      0x23d Drivers/STM32F4xx_HAL_Driver/Src/stm32f4xx_hal_sd.o
 .debug_abbrev  0x0000000000001f15      0x240 Drivers/STM32F4xx_HAL_Driver/Src/stm32f4xx_hal_spi.o
 .debug_abbrev  0x0000000000002155      0x242 Drivers/STM32F4xx_HAL_Driver/Src/stm32f4xx_hal_uart.o
 .debug_abbrev  0x0000000000002397      0x1c4 Drivers/STM32F4xx_HAL_Driver/Src/stm32f4xx_ll_sdmmc.o
 .debug_abbrev  0x000000000000255b      0x26d Drivers/STM32F4xx_HAL_Driver/Src/stm32f4xx_ll_usb.o

.debug_aranges  0x0000000000000000     0x1240
 .debug_aranges
                0x0000000000000000       0x80 Core/Src/main.o
 .debug_aranges
                0x0000000000000080       0x90 Core/Src/stm32f4xx_hal_msp.o
 .debug_aranges
                0x0000000000000110       0x60 Core/Src/stm32f4xx_it.o
 .debug_aranges
                0x0000000000000170       0x28 Core/Src/system_stm32f4xx.o
 .debug_aranges
                0x0000000000000198       0x28 Core/Startup/startup_stm32f446rctx.o
 .debug_aranges
                0x00000000000001c0       0xf0 Drivers/STM32F4xx_HAL_Driver/Src/stm32f4xx_hal.o
 .debug_aranges
                0x00000000000002b0       0xe8 Drivers/STM32F4xx_HAL_Driver/Src/stm32f4xx_hal_adc.o
 .debug_aranges
                0x0000000000000398      0x118 Drivers/STM32F4xx_HAL_Driver/Src/stm32f4xx_hal_cortex.o
 .debug_aranges
                0x00000000000004b0       0xc0 Drivers/STM32F4xx_HAL_Driver/Src/stm32f4xx_hal_dac.o
 .debug_aranges
                0x0000000000000570       0x58 Drivers/STM32F4xx_HAL_Driver/Src/stm32f4xx_hal_gpio.o
 .debug_aranges
                0x00000000000005c8      0x130 Drivers/STM32F4xx_HAL_Driver/Src/stm32f4xx_hal_pcd.o
 .debug_aranges
                0x00000000000006f8       0x48 Drivers/STM32F4xx_HAL_Driver/Src/stm32f4xx_hal_pcd_ex.o
 .debug_aranges
                0x0000000000000740       0x88 Drivers/STM32F4xx_HAL_Driver/Src/stm32f4xx_hal_rcc.o
 .debug_aranges
                0x00000000000007c8       0x78 Drivers/STM32F4xx_HAL_Driver/Src/stm32f4xx_hal_rcc_ex.o
 .debug_aranges
                0x0000000000000840       0xb8 Drivers/STM32F4xx_HAL_Driver/Src/stm32f4xx_hal_rtc.o
 .debug_aranges
                0x00000000000008f8      0x130 Drivers/STM32F4xx_HAL_Driver/Src/stm32f4xx_hal_rtc_ex.o
 .debug_aranges
                0x0000000000000a28      0x168 Drivers/STM32F4xx_HAL_Driver/Src/stm32f4xx_hal_sd.o
 .debug_aranges
                0x0000000000000b90      0x1d0 Drivers/STM32F4xx_HAL_Driver/Src/stm32f4xx_hal_spi.o
 .debug_aranges
                0x0000000000000d60      0x1d0 Drivers/STM32F4xx_HAL_Driver/Src/stm32f4xx_hal_uart.o
 .debug_aranges
                0x0000000000000f30      0x178 Drivers/STM32F4xx_HAL_Driver/Src/stm32f4xx_ll_sdmmc.o
 .debug_aranges
                0x00000000000010a8      0x198 Drivers/STM32F4xx_HAL_Driver/Src/stm32f4xx_ll_usb.o

.debug_ranges   0x0000000000000000     0x10f8
 .debug_ranges  0x0000000000000000       0x70 Core/Src/main.o
 .debug_ranges  0x0000000000000070       0x80 Core/Src/stm32f4xx_hal_msp.o
 .debug_ranges  0x00000000000000f0       0x50 Core/Src/stm32f4xx_it.o
 .debug_ranges  0x0000000000000140       0x18 Core/Src/system_stm32f4xx.o
 .debug_ranges  0x0000000000000158       0x20 Core/Startup/startup_stm32f446rctx.o
 .debug_ranges  0x0000000000000178       0xe0 Drivers/STM32F4xx_HAL_Driver/Src/stm32f4xx_hal.o
 .debug_ranges  0x0000000000000258       0xd8 Drivers/STM32F4xx_HAL_Driver/Src/stm32f4xx_hal_adc.o
 .debug_ranges  0x0000000000000330      0x108 Drivers/STM32F4xx_HAL_Driver/Src/stm32f4xx_hal_cortex.o
 .debug_ranges  0x0000000000000438       0xb0 Drivers/STM32F4xx_HAL_Driver/Src/stm32f4xx_hal_dac.o
 .debug_ranges  0x00000000000004e8       0x48 Drivers/STM32F4xx_HAL_Driver/Src/stm32f4xx_hal_gpio.o
 .debug_ranges  0x0000000000000530      0x120 Drivers/STM32F4xx_HAL_Driver/Src/stm32f4xx_hal_pcd.o
 .debug_ranges  0x0000000000000650       0x38 Drivers/STM32F4xx_HAL_Driver/Src/stm32f4xx_hal_pcd_ex.o
 .debug_ranges  0x0000000000000688       0x78 Drivers/STM32F4xx_HAL_Driver/Src/stm32f4xx_hal_rcc.o
 .debug_ranges  0x0000000000000700       0x68 Drivers/STM32F4xx_HAL_Driver/Src/stm32f4xx_hal_rcc_ex.o
 .debug_ranges  0x0000000000000768       0xa8 Drivers/STM32F4xx_HAL_Driver/Src/stm32f4xx_hal_rtc.o
 .debug_ranges  0x0000000000000810      0x120 Drivers/STM32F4xx_HAL_Driver/Src/stm32f4xx_hal_rtc_ex.o
 .debug_ranges  0x0000000000000930      0x158 Drivers/STM32F4xx_HAL_Driver/Src/stm32f4xx_hal_sd.o
 .debug_ranges  0x0000000000000a88      0x1c0 Drivers/STM32F4xx_HAL_Driver/Src/stm32f4xx_hal_spi.o
 .debug_ranges  0x0000000000000c48      0x1c0 Drivers/STM32F4xx_HAL_Driver/Src/stm32f4xx_hal_uart.o
 .debug_ranges  0x0000000000000e08      0x168 Drivers/STM32F4xx_HAL_Driver/Src/stm32f4xx_ll_sdmmc.o
 .debug_ranges  0x0000000000000f70      0x188 Drivers/STM32F4xx_HAL_Driver/Src/stm32f4xx_ll_usb.o

.debug_macro    0x0000000000000000    0x23c53
 .debug_macro   0x0000000000000000      0x273 Core/Src/main.o
 .debug_macro   0x0000000000000273      0xa5a Core/Src/main.o
 .debug_macro   0x0000000000000ccd      0x1a8 Core/Src/main.o
 .debug_macro   0x0000000000000e75       0x2e Core/Src/main.o
 .debug_macro   0x0000000000000ea3       0x28 Core/Src/main.o
 .debug_macro   0x0000000000000ecb       0x22 Core/Src/main.o
 .debug_macro   0x0000000000000eed       0x8e Core/Src/main.o
 .debug_macro   0x0000000000000f7b       0x51 Core/Src/main.o
 .debug_macro   0x0000000000000fcc       0xef Core/Src/main.o
 .debug_macro   0x00000000000010bb       0x6a Core/Src/main.o
 .debug_macro   0x0000000000001125      0x1df Core/Src/main.o
 .debug_macro   0x0000000000001304       0x1c Core/Src/main.o
 .debug_macro   0x0000000000001320       0x22 Core/Src/main.o
 .debug_macro   0x0000000000001342       0xdf Core/Src/main.o
 .debug_macro   0x0000000000001421     0x102d Core/Src/main.o
 .debug_macro   0x000000000000244e      0x11f Core/Src/main.o
 .debug_macro   0x000000000000256d    0x1672d Core/Src/main.o
 .debug_macro   0x0000000000018c9a       0x43 Core/Src/main.o
 .debug_macro   0x0000000000018cdd     0x3659 Core/Src/main.o
 .debug_macro   0x000000000001c336      0x174 Core/Src/main.o
 .debug_macro   0x000000000001c4aa       0x5a Core/Src/main.o
 .debug_macro   0x000000000001c504      0xc90 Core/Src/main.o
 .debug_macro   0x000000000001d194      0x9fe Core/Src/main.o
 .debug_macro   0x000000000001db92      0x16d Core/Src/main.o
 .debug_macro   0x000000000001dcff      0x117 Core/Src/main.o
 .debug_macro   0x000000000001de16      0x1a0 Core/Src/main.o
 .debug_macro   0x000000000001dfb6       0x27 Core/Src/main.o
 .debug_macro   0x000000000001dfdd      0x287 Core/Src/main.o
 .debug_macro   0x000000000001e264       0x5f Core/Src/main.o
 .debug_macro   0x000000000001e2c3      0x236 Core/Src/main.o
 .debug_macro   0x000000000001e4f9      0x391 Core/Src/main.o
 .debug_macro   0x000000000001e88a      0x17d Core/Src/main.o
 .debug_macro   0x000000000001ea07       0xf9 Core/Src/main.o
 .debug_macro   0x000000000001eb00       0xea Core/Src/main.o
 .debug_macro   0x000000000001ebea       0xa0 Core/Src/main.o
 .debug_macro   0x000000000001ec8a       0x3c Core/Src/main.o
 .debug_macro   0x000000000001ecc6      0x132 Core/Src/main.o
 .debug_macro   0x000000000001edf8      0x29c Core/Src/main.o
 .debug_macro   0x000000000001f094       0x2e Core/Src/main.o
 .debug_macro   0x000000000001f0c2      0x11a Core/Src/main.o
 .debug_macro   0x000000000001f1dc       0xe8 Core/Src/main.o
 .debug_macro   0x000000000001f2c4       0x89 Core/Src/main.o
 .debug_macro   0x000000000001f34d      0x31a Core/Src/main.o
 .debug_macro   0x000000000001f667      0x405 Core/Src/main.o
 .debug_macro   0x000000000001fa6c       0xe4 Core/Src/main.o
 .debug_macro   0x000000000001fb50      0x81b Core/Src/main.o
 .debug_macro   0x000000000002036b      0x1d5 Core/Src/main.o
 .debug_macro   0x0000000000020540      0x225 Core/Src/main.o
 .debug_macro   0x0000000000020765      0x287 Core/Src/main.o
 .debug_macro   0x00000000000209ec      0x21e Core/Src/main.o
 .debug_macro   0x0000000000020c0a       0xba Core/Src/main.o
 .debug_macro   0x0000000000020cc4      0x126 Core/Src/main.o
 .debug_macro   0x0000000000020dea      0x160 Core/Src/main.o
 .debug_macro   0x0000000000020f4a       0x40 Core/Src/main.o
 .debug_macro   0x0000000000020f8a       0x1c Core/Src/main.o
 .debug_macro   0x0000000000020fa6      0x25b Core/Src/stm32f4xx_hal_msp.o
 .debug_macro   0x0000000000021201      0x265 Core/Src/stm32f4xx_it.o
 .debug_macro   0x0000000000021466      0x252 Core/Src/system_stm32f4xx.o
 .debug_macro   0x00000000000216b8      0x2ac Drivers/STM32F4xx_HAL_Driver/Src/stm32f4xx_hal.o
 .debug_macro   0x0000000000021964      0x24d Drivers/STM32F4xx_HAL_Driver/Src/stm32f4xx_hal_adc.o
 .debug_macro   0x0000000000021bb1      0x24c Drivers/STM32F4xx_HAL_Driver/Src/stm32f4xx_hal_cortex.o
 .debug_macro   0x0000000000021dfd      0x24d Drivers/STM32F4xx_HAL_Driver/Src/stm32f4xx_hal_dac.o
 .debug_macro   0x000000000002204a      0x282 Drivers/STM32F4xx_HAL_Driver/Src/stm32f4xx_hal_gpio.o
 .debug_macro   0x00000000000222cc      0x258 Drivers/STM32F4xx_HAL_Driver/Src/stm32f4xx_hal_pcd.o
 .debug_macro   0x0000000000022524      0x24c Drivers/STM32F4xx_HAL_Driver/Src/stm32f4xx_hal_pcd_ex.o
 .debug_macro   0x0000000000022770      0x270 Drivers/STM32F4xx_HAL_Driver/Src/stm32f4xx_hal_rcc.o
 .debug_macro   0x00000000000229e0      0x24c Drivers/STM32F4xx_HAL_Driver/Src/stm32f4xx_hal_rcc_ex.o
 .debug_macro   0x0000000000022c2c      0x24d Drivers/STM32F4xx_HAL_Driver/Src/stm32f4xx_hal_rtc.o
 .debug_macro   0x0000000000022e79      0x24c Drivers/STM32F4xx_HAL_Driver/Src/stm32f4xx_hal_rtc_ex.o
 .debug_macro   0x00000000000230c5      0x24d Drivers/STM32F4xx_HAL_Driver/Src/stm32f4xx_hal_sd.o
 .debug_macro   0x0000000000023312      0x25b Drivers/STM32F4xx_HAL_Driver/Src/stm32f4xx_hal_spi.o
 .debug_macro   0x000000000002356d      0x24d Drivers/STM32F4xx_HAL_Driver/Src/stm32f4xx_hal_uart.o
 .debug_macro   0x00000000000237ba      0x24d Drivers/STM32F4xx_HAL_Driver/Src/stm32f4xx_ll_sdmmc.o
 .debug_macro   0x0000000000023a07      0x24c Drivers/STM32F4xx_HAL_Driver/Src/stm32f4xx_ll_usb.o

.debug_line     0x0000000000000000     0xe843
 .debug_line    0x0000000000000000      0x9f3 Core/Src/main.o
 .debug_line    0x00000000000009f3      0x900 Core/Src/stm32f4xx_hal_msp.o
 .debug_line    0x00000000000012f3      0x82f Core/Src/stm32f4xx_it.o
 .debug_line    0x0000000000001b22      0x7a6 Core/Src/system_stm32f4xx.o
 .debug_line    0x00000000000022c8       0x85 Core/Startup/startup_stm32f446rctx.o
 .debug_line    0x000000000000234d      0x990 Drivers/STM32F4xx_HAL_Driver/Src/stm32f4xx_hal.o
 .debug_line    0x0000000000002cdd      0xbf7 Drivers/STM32F4xx_HAL_Driver/Src/stm32f4xx_hal_adc.o
 .debug_line    0x00000000000038d4      0xab4 Drivers/STM32F4xx_HAL_Driver/Src/stm32f4xx_hal_cortex.o
 .debug_line    0x0000000000004388      0x9e4 Drivers/STM32F4xx_HAL_Driver/Src/stm32f4xx_hal_dac.o
 .debug_line    0x0000000000004d6c      0x95b Drivers/STM32F4xx_HAL_Driver/Src/stm32f4xx_hal_gpio.o
 .debug_line    0x00000000000056c7      0xd0e Drivers/STM32F4xx_HAL_Driver/Src/stm32f4xx_hal_pcd.o
 .debug_line    0x00000000000063d5      0x816 Drivers/STM32F4xx_HAL_Driver/Src/stm32f4xx_hal_pcd_ex.o
 .debug_line    0x0000000000006beb      0x9e8 Drivers/STM32F4xx_HAL_Driver/Src/stm32f4xx_hal_rcc.o
 .debug_line    0x00000000000075d3      0xb79 Drivers/STM32F4xx_HAL_Driver/Src/stm32f4xx_hal_rcc_ex.o
 .debug_line    0x000000000000814c      0xb20 Drivers/STM32F4xx_HAL_Driver/Src/stm32f4xx_hal_rtc.o
 .debug_line    0x0000000000008c6c      0xe5d Drivers/STM32F4xx_HAL_Driver/Src/stm32f4xx_hal_rtc_ex.o
 .debug_line    0x0000000000009ac9     0x10a3 Drivers/STM32F4xx_HAL_Driver/Src/stm32f4xx_hal_sd.o
 .debug_line    0x000000000000ab6c     0x114c Drivers/STM32F4xx_HAL_Driver/Src/stm32f4xx_hal_spi.o
 .debug_line    0x000000000000bcb8     0x109e Drivers/STM32F4xx_HAL_Driver/Src/stm32f4xx_hal_uart.o
 .debug_line    0x000000000000cd56      0xc36 Drivers/STM32F4xx_HAL_Driver/Src/stm32f4xx_ll_sdmmc.o
 .debug_line    0x000000000000d98c      0xeb7 Drivers/STM32F4xx_HAL_Driver/Src/stm32f4xx_ll_usb.o

.debug_str      0x0000000000000000    0xd8dc6
 .debug_str     0x0000000000000000    0xd47b5 Core/Src/main.o
                                      0xd4ba8 (size before relaxing)
 .debug_str     0x00000000000d47b5      0x12f Core/Src/stm32f4xx_hal_msp.o
                                      0xd46c6 (size before relaxing)
 .debug_str     0x00000000000d48e4       0xbd Core/Src/stm32f4xx_it.o
                                      0xd355b (size before relaxing)
 .debug_str     0x00000000000d49a1       0xc4 Core/Src/system_stm32f4xx.o
                                      0xd30f1 (size before relaxing)
 .debug_str     0x00000000000d4a65       0x36 Core/Startup/startup_stm32f446rctx.o
                                         0x7c (size before relaxing)
 .debug_str     0x00000000000d4a9b      0xa8a Drivers/STM32F4xx_HAL_Driver/Src/stm32f4xx_hal.o
                                      0xd3bff (size before relaxing)
 .debug_str     0x00000000000d5525      0x29c Drivers/STM32F4xx_HAL_Driver/Src/stm32f4xx_hal_adc.o
                                      0xd3663 (size before relaxing)
 .debug_str     0x00000000000d57c1      0x392 Drivers/STM32F4xx_HAL_Driver/Src/stm32f4xx_hal_cortex.o
                                      0xd39c9 (size before relaxing)
 .debug_str     0x00000000000d5b53      0x1bd Drivers/STM32F4xx_HAL_Driver/Src/stm32f4xx_hal_dac.o
                                      0xd34f0 (size before relaxing)
 .debug_str     0x00000000000d5d10      0x20c Drivers/STM32F4xx_HAL_Driver/Src/stm32f4xx_hal_gpio.o
                                      0xd3330 (size before relaxing)
 .debug_str     0x00000000000d5f1c      0x530 Drivers/STM32F4xx_HAL_Driver/Src/stm32f4xx_hal_pcd.o
                                      0xd38ae (size before relaxing)
 .debug_str     0x00000000000d644c      0x172 Drivers/STM32F4xx_HAL_Driver/Src/stm32f4xx_hal_pcd_ex.o
                                      0xd34d6 (size before relaxing)
 .debug_str     0x00000000000d65be      0x259 Drivers/STM32F4xx_HAL_Driver/Src/stm32f4xx_hal_rcc.o
                                      0xd34e3 (size before relaxing)
 .debug_str     0x00000000000d6817      0x1af Drivers/STM32F4xx_HAL_Driver/Src/stm32f4xx_hal_rcc_ex.o
                                      0xd3535 (size before relaxing)
 .debug_str     0x00000000000d69c6      0x298 Drivers/STM32F4xx_HAL_Driver/Src/stm32f4xx_hal_rtc.o
                                      0xd3479 (size before relaxing)
 .debug_str     0x00000000000d6c5e      0x56f Drivers/STM32F4xx_HAL_Driver/Src/stm32f4xx_hal_rtc_ex.o
                                      0xd37bf (size before relaxing)
 .debug_str     0x00000000000d71cd      0x6eb Drivers/STM32F4xx_HAL_Driver/Src/stm32f4xx_hal_sd.o
                                      0xd3bb8 (size before relaxing)
 .debug_str     0x00000000000d78b8      0x555 Drivers/STM32F4xx_HAL_Driver/Src/stm32f4xx_hal_spi.o
                                      0xd393a (size before relaxing)
 .debug_str     0x00000000000d7e0d      0x50d Drivers/STM32F4xx_HAL_Driver/Src/stm32f4xx_hal_uart.o
                                      0xd3918 (size before relaxing)
 .debug_str     0x00000000000d831a      0x43b Drivers/STM32F4xx_HAL_Driver/Src/stm32f4xx_ll_sdmmc.o
                                      0xd3530 (size before relaxing)
 .debug_str     0x00000000000d8755      0x671 Drivers/STM32F4xx_HAL_Driver/Src/stm32f4xx_ll_usb.o
                                      0xd39d9 (size before relaxing)

.comment        0x0000000000000000       0x7b
 .comment       0x0000000000000000       0x7b Core/Src/main.o
                                         0x7c (size before relaxing)
 .comment       0x000000000000007b       0x7c Core/Src/stm32f4xx_hal_msp.o
 .comment       0x000000000000007b       0x7c Core/Src/stm32f4xx_it.o
 .comment       0x000000000000007b       0x7c Core/Src/system_stm32f4xx.o
 .comment       0x000000000000007b       0x7c Drivers/STM32F4xx_HAL_Driver/Src/stm32f4xx_hal.o
 .comment       0x000000000000007b       0x7c Drivers/STM32F4xx_HAL_Driver/Src/stm32f4xx_hal_adc.o
 .comment       0x000000000000007b       0x7c Drivers/STM32F4xx_HAL_Driver/Src/stm32f4xx_hal_cortex.o
 .comment       0x000000000000007b       0x7c Drivers/STM32F4xx_HAL_Driver/Src/stm32f4xx_hal_dac.o
 .comment       0x000000000000007b       0x7c Drivers/STM32F4xx_HAL_Driver/Src/stm32f4xx_hal_gpio.o
 .comment       0x000000000000007b       0x7c Drivers/STM32F4xx_HAL_Driver/Src/stm32f4xx_hal_pcd.o
 .comment       0x000000000000007b       0x7c Drivers/STM32F4xx_HAL_Driver/Src/stm32f4xx_hal_pcd_ex.o
 .comment       0x000000000000007b       0x7c Drivers/STM32F4xx_HAL_Driver/Src/stm32f4xx_hal_rcc.o
 .comment       0x000000000000007b       0x7c Drivers/STM32F4xx_HAL_Driver/Src/stm32f4xx_hal_rcc_ex.o
 .comment       0x000000000000007b       0x7c Drivers/STM32F4xx_HAL_Driver/Src/stm32f4xx_hal_rtc.o
 .comment       0x000000000000007b       0x7c Drivers/STM32F4xx_HAL_Driver/Src/stm32f4xx_hal_rtc_ex.o
 .comment       0x000000000000007b       0x7c Drivers/STM32F4xx_HAL_Driver/Src/stm32f4xx_hal_sd.o
 .comment       0x000000000000007b       0x7c Drivers/STM32F4xx_HAL_Driver/Src/stm32f4xx_hal_spi.o
 .comment       0x000000000000007b       0x7c Drivers/STM32F4xx_HAL_Driver/Src/stm32f4xx_hal_uart.o
 .comment       0x000000000000007b       0x7c Drivers/STM32F4xx_HAL_Driver/Src/stm32f4xx_ll_sdmmc.o
 .comment       0x000000000000007b       0x7c Drivers/STM32F4xx_HAL_Driver/Src/stm32f4xx_ll_usb.o

.debug_frame    0x0000000000000000     0x4dbc
 .debug_frame   0x0000000000000000      0x1a4 Core/Src/main.o
 .debug_frame   0x00000000000001a4      0x238 Core/Src/stm32f4xx_hal_msp.o
 .debug_frame   0x00000000000003dc      0x10c Core/Src/stm32f4xx_it.o
 .debug_frame   0x00000000000004e8       0x58 Core/Src/system_stm32f4xx.o
 .debug_frame   0x0000000000000540      0x374 Drivers/STM32F4xx_HAL_Driver/Src/stm32f4xx_hal.o
 .debug_frame   0x00000000000008b4      0x3fc Drivers/STM32F4xx_HAL_Driver/Src/stm32f4xx_hal_adc.o
 .debug_frame   0x0000000000000cb0      0x498 Drivers/STM32F4xx_HAL_Driver/Src/stm32f4xx_hal_cortex.o
 .debug_frame   0x0000000000001148      0x338 Drivers/STM32F4xx_HAL_Driver/Src/stm32f4xx_hal_dac.o
 .debug_frame   0x0000000000001480      0x14c Drivers/STM32F4xx_HAL_Driver/Src/stm32f4xx_hal_gpio.o
 .debug_frame   0x00000000000015cc      0x54c Drivers/STM32F4xx_HAL_Driver/Src/stm32f4xx_hal_pcd.o
 .debug_frame   0x0000000000001b18      0x100 Drivers/STM32F4xx_HAL_Driver/Src/stm32f4xx_hal_pcd_ex.o
 .debug_frame   0x0000000000001c18      0x1f0 Drivers/STM32F4xx_HAL_Driver/Src/stm32f4xx_hal_rcc.o
 .debug_frame   0x0000000000001e08      0x1e0 Drivers/STM32F4xx_HAL_Driver/Src/stm32f4xx_hal_rcc_ex.o
 .debug_frame   0x0000000000001fe8      0x308 Drivers/STM32F4xx_HAL_Driver/Src/stm32f4xx_hal_rtc.o
 .debug_frame   0x00000000000022f0      0x548 Drivers/STM32F4xx_HAL_Driver/Src/stm32f4xx_hal_rtc_ex.o
 .debug_frame   0x0000000000002838      0x650 Drivers/STM32F4xx_HAL_Driver/Src/stm32f4xx_hal_sd.o
 .debug_frame   0x0000000000002e88      0x824 Drivers/STM32F4xx_HAL_Driver/Src/stm32f4xx_hal_spi.o
 .debug_frame   0x00000000000036ac      0x844 Drivers/STM32F4xx_HAL_Driver/Src/stm32f4xx_hal_uart.o
 .debug_frame   0x0000000000003ef0      0x690 Drivers/STM32F4xx_HAL_Driver/Src/stm32f4xx_ll_sdmmc.o
 .debug_frame   0x0000000000004580      0x790 Drivers/STM32F4xx_HAL_Driver/Src/stm32f4xx_ll_usb.o
 .debug_frame   0x0000000000004d10       0x2c /opt/st/stm32cubeide_1.3.0/plugins/com.st.stm32cube.ide.mcu.externaltools.gnu-tools-for-stm32.7-2018-q2-update.linux64_1.0.0.201904181610/tools/bin/../lib/gcc/arm-none-eabi/7.3.1/../../../../arm-none-eabi/lib/thumb/v7e-m/fpv4-sp/hard/libc_nano.a(lib_a-init.o)
 .debug_frame   0x0000000000004d3c       0x20 /opt/st/stm32cubeide_1.3.0/plugins/com.st.stm32cube.ide.mcu.externaltools.gnu-tools-for-stm32.7-2018-q2-update.linux64_1.0.0.201904181610/tools/bin/../lib/gcc/arm-none-eabi/7.3.1/../../../../arm-none-eabi/lib/thumb/v7e-m/fpv4-sp/hard/libc_nano.a(lib_a-memset.o)
 .debug_frame   0x0000000000004d5c       0x2c /opt/st/stm32cubeide_1.3.0/plugins/com.st.stm32cube.ide.mcu.externaltools.gnu-tools-for-stm32.7-2018-q2-update.linux64_1.0.0.201904181610/tools/bin/../lib/gcc/arm-none-eabi/7.3.1/thumb/v7e-m/fpv4-sp/hard/libgcc.a(_aeabi_uldivmod.o)
 .debug_frame   0x0000000000004d88       0x34 /opt/st/stm32cubeide_1.3.0/plugins/com.st.stm32cube.ide.mcu.externaltools.gnu-tools-for-stm32.7-2018-q2-update.linux64_1.0.0.201904181610/tools/bin/../lib/gcc/arm-none-eabi/7.3.1/thumb/v7e-m/fpv4-sp/hard/libgcc.a(_udivmoddi4.o)
